// Jest Snapshot v1, https://goo.gl/fbAQLP

exports[`Show Episodes component should render shows episode component without crashing 1`] = `
<div>
  <section
    class="sc-AxjAm jHXAgG"
  >
    <h2>
      Episodes
    </h2>
    <div
      data-testid="test-0"
    >
      <h3
        data-testid="title-0"
      >
        Season 
        1
      </h3>
      <ul
        class="sc-AxgMl dqEHLu"
        data-testid="card-list-0"
      >
        <li
          class="sc-AxirZ hiCPGx"
        >
          <a
            class="sc-AxhCb hvQPKY"
            href="/episodes/2"
          >
            <h5
              class="sc-AxiKw kUnrUt"
            >
              test1
            </h5>
          </a>
          <img
            alt="test1"
            src="http://static.tvmaze.com/images/no-img/no-img-landscape-text.png"
          />
          <p
            class="sc-AxhUy ivAIfo"
          >
            <span>
              <strong>
                Episode:
              </strong>
               
              x
            </span>
            <span>
              <strong>
                Airdate:
              </strong>
               
            </span>
          </p>
          <span />
        </li>
      </ul>
    </div>
    <div
      data-testid="test-1"
    >
      <h3
        data-testid="title-1"
      >
        Season 
        0
      </h3>
      <ul
        class="sc-AxgMl dqEHLu"
        data-testid="card-list-1"
      >
        <li
          class="sc-AxirZ hiCPGx"
        >
          <a
            class="sc-AxhCb hvQPKY"
            href="/episodes/1"
          >
            <h5
              class="sc-AxiKw kUnrUt"
            >
              test
            </h5>
          </a>
          <img
            alt="test"
            src="http://static.tvmaze.com/images/no-img/no-img-landscape-text.png"
          />
          <p
            class="sc-AxhUy ivAIfo"
          >
            <span>
              <strong>
                Episode:
              </strong>
               
              x
            </span>
            <span>
              <strong>
                Airdate:
              </strong>
               
            </span>
          </p>
          <span />
        </li>
      </ul>
    </div>
  </section>
</div>
`;
