// Jest Snapshot v1, https://goo.gl/fbAQLP

exports[`Genre component should render genre component without crashing 1`] = `
<div>
  <ul
    class="sc-AxjAm byYaqZ"
  >
    <li
      class="sc-AxirZ vMuzg"
      data-testid="genre-list"
    >
      <span
        class="genre-label"
      >
        test
      </span>
    </li>
  </ul>
</div>
`;
